TimeQuest Timing Analyzer report for mux2_8
Fri Apr 11 06:22:59 2025
Quartus II 64-Bit Version 13.1.0 Build 162 10/23/2013 SJ Web Edition


---------------------
; Table of Contents ;
---------------------
  1. Legal Notice
  2. TimeQuest Timing Analyzer Summary
  3. Parallel Compilation
  4. SDC File List
  5. Clocks
  6. Slow 1200mV 85C Model Fmax Summary
  7. Timing Closure Recommendations
  8. Slow 1200mV 85C Model Setup Summary
  9. Slow 1200mV 85C Model Hold Summary
 10. Slow 1200mV 85C Model Recovery Summary
 11. Slow 1200mV 85C Model Removal Summary
 12. Slow 1200mV 85C Model Minimum Pulse Width Summary
 13. Slow 1200mV 85C Model Setup: 'clk'
 14. Slow 1200mV 85C Model Hold: 'clk'
 15. Propagation Delay
 16. Minimum Propagation Delay
 17. Slow 1200mV 85C Model Metastability Report
 18. Slow 1200mV 0C Model Fmax Summary
 19. Slow 1200mV 0C Model Setup Summary
 20. Slow 1200mV 0C Model Hold Summary
 21. Slow 1200mV 0C Model Recovery Summary
 22. Slow 1200mV 0C Model Removal Summary
 23. Slow 1200mV 0C Model Minimum Pulse Width Summary
 24. Slow 1200mV 0C Model Setup: 'clk'
 25. Slow 1200mV 0C Model Hold: 'clk'
 26. Propagation Delay
 27. Minimum Propagation Delay
 28. Slow 1200mV 0C Model Metastability Report
 29. Fast 1200mV 0C Model Setup Summary
 30. Fast 1200mV 0C Model Hold Summary
 31. Fast 1200mV 0C Model Recovery Summary
 32. Fast 1200mV 0C Model Removal Summary
 33. Fast 1200mV 0C Model Minimum Pulse Width Summary
 34. Fast 1200mV 0C Model Setup: 'clk'
 35. Fast 1200mV 0C Model Hold: 'clk'
 36. Propagation Delay
 37. Minimum Propagation Delay
 38. Fast 1200mV 0C Model Metastability Report
 39. Multicorner Timing Analysis Summary
 40. Propagation Delay
 41. Minimum Propagation Delay
 42. Board Trace Model Assignments
 43. Input Transition Times
 44. Slow Corner Signal Integrity Metrics
 45. Fast Corner Signal Integrity Metrics
 46. Setup Transfers
 47. Hold Transfers
 48. Report TCCS
 49. Report RSKM
 50. Unconstrained Paths
 51. TimeQuest Timing Analyzer Messages



----------------
; Legal Notice ;
----------------
Copyright (C) 1991-2013 Altera Corporation
Your use of Altera Corporation's design tools, logic functions 
and other software and tools, and its AMPP partner logic 
functions, and any output files from any of the foregoing 
(including device programming or simulation files), and any 
associated documentation or information are expressly subject 
to the terms and conditions of the Altera Program License 
Subscription Agreement, Altera MegaCore Function License 
Agreement, or other applicable license agreement, including, 
without limitation, that your use is for the sole purpose of 
programming logic devices manufactured by Altera and sold by 
Altera or its authorized distributors.  Please refer to the 
applicable agreement for further details.



+-------------------------------------------------------------------------+
; TimeQuest Timing Analyzer Summary                                       ;
+--------------------+----------------------------------------------------+
; Quartus II Version ; Version 13.1.0 Build 162 10/23/2013 SJ Web Edition ;
; Revision Name      ; mux2_8                                             ;
; Device Family      ; Cyclone III                                        ;
; Device Name        ; EP3C5F256C6                                        ;
; Timing Models      ; Final                                              ;
; Delay Model        ; Combined                                           ;
; Rise/Fall Delays   ; Enabled                                            ;
+--------------------+----------------------------------------------------+


Parallel compilation was disabled, but you have multiple processors available. Enable parallel compilation to reduce compilation time.
+-------------------------------------+
; Parallel Compilation                ;
+----------------------------+--------+
; Processors                 ; Number ;
+----------------------------+--------+
; Number detected on machine ; 12     ;
; Maximum allowed            ; 1      ;
+----------------------------+--------+


+---------------------------------------------------+
; SDC File List                                     ;
+---------------+--------+--------------------------+
; SDC File Path ; Status ; Read at                  ;
+---------------+--------+--------------------------+
; sdc.sdc       ; OK     ; Fri Apr 11 06:22:59 2025 ;
+---------------+--------+--------------------------+


+-----------------------------------------------------------------------------------------------------------------------------------------------------------------------------------+
; Clocks                                                                                                                                                                            ;
+------------+---------+--------+-----------+-------+-------+------------+-----------+-------------+-------+--------+-----------+------------+----------+--------+--------+---------+
; Clock Name ; Type    ; Period ; Frequency ; Rise  ; Fall  ; Duty Cycle ; Divide by ; Multiply by ; Phase ; Offset ; Edge List ; Edge Shift ; Inverted ; Master ; Source ; Targets ;
+------------+---------+--------+-----------+-------+-------+------------+-----------+-------------+-------+--------+-----------+------------+----------+--------+--------+---------+
; clk        ; Virtual ; 10.000 ; 100.0 MHz ; 0.000 ; 5.000 ;            ;           ;             ;       ;        ;           ;            ;          ;        ;        ; { }     ;
+------------+---------+--------+-----------+-------+-------+------------+-----------+-------------+-------+--------+-----------+------------+----------+--------+--------+---------+


+--------------------------------------------------------------------------------------------+
; Slow 1200mV 85C Model Fmax Summary                                                         ;
+------------+-----------------+------------+------------------------------------------------+
; Fmax       ; Restricted Fmax ; Clock Name ; Note                                           ;
+------------+-----------------+------------+------------------------------------------------+
; 139.59 MHz ; 100.02 MHz      ; clk        ; limit due to minimum period restriction (tmin) ;
+------------+-----------------+------------+------------------------------------------------+
This panel reports FMAX for every clock in the design, regardless of the user-specified clock periods.  FMAX is only computed for paths where the source and destination registers or ports are driven by the same clock.  Paths of different clocks, including generated clocks, are ignored.  For paths between a clock and its inversion, FMAX is computed as if the rising and falling edges are scaled along with FMAX, such that the duty cycle (in terms of a percentage) is maintained. Altera recommends that you always use clock constraints and other slack reports for sign-off analysis.


----------------------------------
; Timing Closure Recommendations ;
----------------------------------
HTML report is unavailable in plain text report export.


+-------------------------------------+
; Slow 1200mV 85C Model Setup Summary ;
+-------+-------+---------------------+
; Clock ; Slack ; End Point TNS       ;
+-------+-------+---------------------+
; clk   ; 2.836 ; 0.000               ;
+-------+-------+---------------------+


+------------------------------------+
; Slow 1200mV 85C Model Hold Summary ;
+-------+-------+--------------------+
; Clock ; Slack ; End Point TNS      ;
+-------+-------+--------------------+
; clk   ; 4.668 ; 0.000              ;
+-------+-------+--------------------+


------------------------------------------
; Slow 1200mV 85C Model Recovery Summary ;
------------------------------------------
No paths to report.


-----------------------------------------
; Slow 1200mV 85C Model Removal Summary ;
-----------------------------------------
No paths to report.


-----------------------------------------------------
; Slow 1200mV 85C Model Minimum Pulse Width Summary ;
-----------------------------------------------------
No paths to report.


+---------------------------------------------------------------------------------------------------+
; Slow 1200mV 85C Model Setup: 'clk'                                                                ;
+-------+-----------+---------+--------------+-------------+--------------+------------+------------+
; Slack ; From Node ; To Node ; Launch Clock ; Latch Clock ; Relationship ; Clock Skew ; Data Delay ;
+-------+-----------+---------+--------------+-------------+--------------+------------+------------+
; 2.836 ; S0        ; Z[6]    ; clk          ; clk         ; 10.000       ; 0.000      ; 6.664      ;
; 3.210 ; B[6]      ; Z[6]    ; clk          ; clk         ; 10.000       ; 0.000      ; 6.290      ;
; 3.308 ; B[3]      ; Z[3]    ; clk          ; clk         ; 10.000       ; 0.000      ; 6.192      ;
; 3.326 ; A[6]      ; Z[6]    ; clk          ; clk         ; 10.000       ; 0.000      ; 6.174      ;
; 3.353 ; B[2]      ; Z[2]    ; clk          ; clk         ; 10.000       ; 0.000      ; 6.147      ;
; 3.384 ; B[0]      ; Z[0]    ; clk          ; clk         ; 10.000       ; 0.000      ; 6.116      ;
; 3.409 ; B[5]      ; Z[5]    ; clk          ; clk         ; 10.000       ; 0.000      ; 6.091      ;
; 3.426 ; B[4]      ; Z[4]    ; clk          ; clk         ; 10.000       ; 0.000      ; 6.074      ;
; 3.457 ; A[1]      ; Z[1]    ; clk          ; clk         ; 10.000       ; 0.000      ; 6.043      ;
; 3.469 ; A[5]      ; Z[5]    ; clk          ; clk         ; 10.000       ; 0.000      ; 6.031      ;
; 3.476 ; A[0]      ; Z[0]    ; clk          ; clk         ; 10.000       ; 0.000      ; 6.024      ;
; 3.522 ; A[3]      ; Z[3]    ; clk          ; clk         ; 10.000       ; 0.000      ; 5.978      ;
; 3.528 ; A[2]      ; Z[2]    ; clk          ; clk         ; 10.000       ; 0.000      ; 5.972      ;
; 3.530 ; S0        ; Z[7]    ; clk          ; clk         ; 10.000       ; 0.000      ; 5.970      ;
; 3.572 ; A[4]      ; Z[4]    ; clk          ; clk         ; 10.000       ; 0.000      ; 5.928      ;
; 3.586 ; B[1]      ; Z[1]    ; clk          ; clk         ; 10.000       ; 0.000      ; 5.914      ;
; 3.747 ; S0        ; Z[3]    ; clk          ; clk         ; 10.000       ; 0.000      ; 5.753      ;
; 3.759 ; S0        ; Z[4]    ; clk          ; clk         ; 10.000       ; 0.000      ; 5.741      ;
; 3.826 ; S0        ; Z[1]    ; clk          ; clk         ; 10.000       ; 0.000      ; 5.674      ;
; 4.106 ; S0        ; Z[0]    ; clk          ; clk         ; 10.000       ; 0.000      ; 5.394      ;
; 4.124 ; S0        ; Z[2]    ; clk          ; clk         ; 10.000       ; 0.000      ; 5.376      ;
; 4.211 ; S0        ; Z[5]    ; clk          ; clk         ; 10.000       ; 0.000      ; 5.289      ;
; 4.471 ; B[7]      ; Z[7]    ; clk          ; clk         ; 10.000       ; 0.000      ; 5.029      ;
; 4.623 ; A[7]      ; Z[7]    ; clk          ; clk         ; 10.000       ; 0.000      ; 4.877      ;
+-------+-----------+---------+--------------+-------------+--------------+------------+------------+


+---------------------------------------------------------------------------------------------------+
; Slow 1200mV 85C Model Hold: 'clk'                                                                 ;
+-------+-----------+---------+--------------+-------------+--------------+------------+------------+
; Slack ; From Node ; To Node ; Launch Clock ; Latch Clock ; Relationship ; Clock Skew ; Data Delay ;
+-------+-----------+---------+--------------+-------------+--------------+------------+------------+
; 4.668 ; A[7]      ; Z[7]    ; clk          ; clk         ; 0.000        ; 0.000      ; 4.648      ;
; 4.794 ; B[7]      ; Z[7]    ; clk          ; clk         ; 0.000        ; 0.000      ; 4.774      ;
; 4.874 ; S0        ; Z[5]    ; clk          ; clk         ; 0.000        ; 0.000      ; 4.854      ;
; 4.956 ; S0        ; Z[2]    ; clk          ; clk         ; 0.000        ; 0.000      ; 4.936      ;
; 4.965 ; S0        ; Z[0]    ; clk          ; clk         ; 0.000        ; 0.000      ; 4.945      ;
; 5.178 ; S0        ; Z[1]    ; clk          ; clk         ; 0.000        ; 0.000      ; 5.158      ;
; 5.273 ; S0        ; Z[4]    ; clk          ; clk         ; 0.000        ; 0.000      ; 5.253      ;
; 5.318 ; S0        ; Z[3]    ; clk          ; clk         ; 0.000        ; 0.000      ; 5.298      ;
; 5.472 ; B[1]      ; Z[1]    ; clk          ; clk         ; 0.000        ; 0.000      ; 5.452      ;
; 5.486 ; A[2]      ; Z[2]    ; clk          ; clk         ; 0.000        ; 0.000      ; 5.466      ;
; 5.493 ; S0        ; Z[7]    ; clk          ; clk         ; 0.000        ; 0.000      ; 5.473      ;
; 5.522 ; A[4]      ; Z[4]    ; clk          ; clk         ; 0.000        ; 0.000      ; 5.502      ;
; 5.524 ; A[5]      ; Z[5]    ; clk          ; clk         ; 0.000        ; 0.000      ; 5.504      ;
; 5.530 ; A[3]      ; Z[3]    ; clk          ; clk         ; 0.000        ; 0.000      ; 5.510      ;
; 5.581 ; B[5]      ; Z[5]    ; clk          ; clk         ; 0.000        ; 0.000      ; 5.561      ;
; 5.603 ; A[0]      ; Z[0]    ; clk          ; clk         ; 0.000        ; 0.000      ; 5.583      ;
; 5.622 ; A[1]      ; Z[1]    ; clk          ; clk         ; 0.000        ; 0.000      ; 5.602      ;
; 5.662 ; B[0]      ; Z[0]    ; clk          ; clk         ; 0.000        ; 0.000      ; 5.642      ;
; 5.677 ; B[2]      ; Z[2]    ; clk          ; clk         ; 0.000        ; 0.000      ; 5.657      ;
; 5.679 ; B[4]      ; Z[4]    ; clk          ; clk         ; 0.000        ; 0.000      ; 5.659      ;
; 5.731 ; B[3]      ; Z[3]    ; clk          ; clk         ; 0.000        ; 0.000      ; 5.711      ;
; 5.757 ; A[6]      ; Z[6]    ; clk          ; clk         ; 0.000        ; 0.000      ; 5.737      ;
; 5.961 ; B[6]      ; Z[6]    ; clk          ; clk         ; 0.000        ; 0.000      ; 5.941      ;
; 6.187 ; S0        ; Z[6]    ; clk          ; clk         ; 0.000        ; 0.000      ; 6.167      ;
+-------+-----------+---------+--------------+-------------+--------------+------------+------------+


+----------------------------------------------------------+
; Propagation Delay                                        ;
+------------+-------------+-------+-------+-------+-------+
; Input Port ; Output Port ; RR    ; RF    ; FR    ; FF    ;
+------------+-------------+-------+-------+-------+-------+
; A[0]       ; Z[0]        ; 5.732 ;       ;       ; 6.024 ;
; A[1]       ; Z[1]        ; 5.730 ;       ;       ; 6.043 ;
; A[2]       ; Z[2]        ; 5.614 ;       ;       ; 5.972 ;
; A[3]       ; Z[3]        ; 5.659 ;       ;       ; 5.978 ;
; A[4]       ; Z[4]        ; 5.653 ;       ;       ; 5.928 ;
; A[5]       ; Z[5]        ; 5.631 ;       ;       ; 6.031 ;
; A[6]       ; Z[6]        ; 5.819 ;       ;       ; 6.174 ;
; A[7]       ; Z[7]        ; 4.730 ;       ;       ; 4.877 ;
; B[0]       ; Z[0]        ; 5.770 ;       ;       ; 6.116 ;
; B[1]       ; Z[1]        ; 5.574 ;       ;       ; 5.914 ;
; B[2]       ; Z[2]        ; 5.786 ;       ;       ; 6.147 ;
; B[3]       ; Z[3]        ; 5.845 ;       ;       ; 6.192 ;
; B[4]       ; Z[4]        ; 5.790 ;       ;       ; 6.074 ;
; B[5]       ; Z[5]        ; 5.707 ;       ;       ; 6.091 ;
; B[6]       ; Z[6]        ; 6.047 ;       ;       ; 6.290 ;
; B[7]       ; Z[7]        ; 4.877 ;       ;       ; 5.029 ;
; S0         ; Z[0]        ; 5.062 ; 5.047 ; 5.394 ; 5.370 ;
; S0         ; Z[1]        ; 5.283 ; 5.359 ; 5.674 ; 5.637 ;
; S0         ; Z[2]        ; 5.042 ; 5.038 ; 5.376 ; 5.363 ;
; S0         ; Z[3]        ; 5.420 ; 5.419 ; 5.753 ; 5.743 ;
; S0         ; Z[4]        ; 5.408 ; 5.369 ; 5.741 ; 5.693 ;
; S0         ; Z[5]        ; 4.956 ; 4.964 ; 5.289 ; 5.288 ;
; S0         ; Z[6]        ; 6.269 ; 6.340 ; 6.602 ; 6.664 ;
; S0         ; Z[7]        ; 5.635 ; 5.600 ; 5.970 ; 5.926 ;
+------------+-------------+-------+-------+-------+-------+


+----------------------------------------------------------+
; Minimum Propagation Delay                                ;
+------------+-------------+-------+-------+-------+-------+
; Input Port ; Output Port ; RR    ; RF    ; FR    ; FF    ;
+------------+-------------+-------+-------+-------+-------+
; A[0]       ; Z[0]        ; 5.583 ;       ;       ; 5.840 ;
; A[1]       ; Z[1]        ; 5.602 ;       ;       ; 5.906 ;
; A[2]       ; Z[2]        ; 5.466 ;       ;       ; 5.793 ;
; A[3]       ; Z[3]        ; 5.510 ;       ;       ; 5.792 ;
; A[4]       ; Z[4]        ; 5.502 ;       ;       ; 5.749 ;
; A[5]       ; Z[5]        ; 5.504 ;       ;       ; 5.891 ;
; A[6]       ; Z[6]        ; 5.737 ;       ;       ; 6.085 ;
; A[7]       ; Z[7]        ; 4.648 ;       ;       ; 4.795 ;
; B[0]       ; Z[0]        ; 5.642 ;       ;       ; 5.978 ;
; B[1]       ; Z[1]        ; 5.452 ;       ;       ; 5.785 ;
; B[2]       ; Z[2]        ; 5.657 ;       ;       ; 6.008 ;
; B[3]       ; Z[3]        ; 5.711 ;       ;       ; 6.046 ;
; B[4]       ; Z[4]        ; 5.659 ;       ;       ; 5.936 ;
; B[5]       ; Z[5]        ; 5.561 ;       ;       ; 5.920 ;
; B[6]       ; Z[6]        ; 5.941 ;       ;       ; 6.170 ;
; B[7]       ; Z[7]        ; 4.774 ;       ;       ; 4.914 ;
; S0         ; Z[0]        ; 4.960 ; 4.945 ; 5.285 ; 5.261 ;
; S0         ; Z[1]        ; 5.158 ; 5.215 ; 5.535 ; 5.496 ;
; S0         ; Z[2]        ; 4.940 ; 4.936 ; 5.267 ; 5.254 ;
; S0         ; Z[3]        ; 5.301 ; 5.298 ; 5.627 ; 5.615 ;
; S0         ; Z[4]        ; 5.291 ; 5.253 ; 5.616 ; 5.569 ;
; S0         ; Z[5]        ; 4.854 ; 4.861 ; 5.179 ; 5.177 ;
; S0         ; Z[6]        ; 6.167 ; 6.237 ; 6.492 ; 6.553 ;
; S0         ; Z[7]        ; 5.508 ; 5.473 ; 5.835 ; 5.791 ;
+------------+-------------+-------+-------+-------+-------+


----------------------------------------------
; Slow 1200mV 85C Model Metastability Report ;
----------------------------------------------
No synchronizer chains to report.


+-------------------------------------------------------------------------------------------+
; Slow 1200mV 0C Model Fmax Summary                                                         ;
+-----------+-----------------+------------+------------------------------------------------+
; Fmax      ; Restricted Fmax ; Clock Name ; Note                                           ;
+-----------+-----------------+------------+------------------------------------------------+
; 145.5 MHz ; 100.02 MHz      ; clk        ; limit due to minimum period restriction (tmin) ;
+-----------+-----------------+------------+------------------------------------------------+
This panel reports FMAX for every clock in the design, regardless of the user-specified clock periods.  FMAX is only computed for paths where the source and destination registers or ports are driven by the same clock.  Paths of different clocks, including generated clocks, are ignored.  For paths between a clock and its inversion, FMAX is computed as if the rising and falling edges are scaled along with FMAX, such that the duty cycle (in terms of a percentage) is maintained. Altera recommends that you always use clock constraints and other slack reports for sign-off analysis.


+------------------------------------+
; Slow 1200mV 0C Model Setup Summary ;
+-------+-------+--------------------+
; Clock ; Slack ; End Point TNS      ;
+-------+-------+--------------------+
; clk   ; 3.127 ; 0.000              ;
+-------+-------+--------------------+


+-----------------------------------+
; Slow 1200mV 0C Model Hold Summary ;
+-------+-------+-------------------+
; Clock ; Slack ; End Point TNS     ;
+-------+-------+-------------------+
; clk   ; 4.507 ; 0.000             ;
+-------+-------+-------------------+


-----------------------------------------
; Slow 1200mV 0C Model Recovery Summary ;
-----------------------------------------
No paths to report.


----------------------------------------
; Slow 1200mV 0C Model Removal Summary ;
----------------------------------------
No paths to report.


----------------------------------------------------
; Slow 1200mV 0C Model Minimum Pulse Width Summary ;
----------------------------------------------------
No paths to report.


+---------------------------------------------------------------------------------------------------+
; Slow 1200mV 0C Model Setup: 'clk'                                                                 ;
+-------+-----------+---------+--------------+-------------+--------------+------------+------------+
; Slack ; From Node ; To Node ; Launch Clock ; Latch Clock ; Relationship ; Clock Skew ; Data Delay ;
+-------+-----------+---------+--------------+-------------+--------------+------------+------------+
; 3.127 ; S0        ; Z[6]    ; clk          ; clk         ; 10.000       ; 0.000      ; 6.373      ;
; 3.409 ; B[6]      ; Z[6]    ; clk          ; clk         ; 10.000       ; 0.000      ; 6.091      ;
; 3.561 ; A[6]      ; Z[6]    ; clk          ; clk         ; 10.000       ; 0.000      ; 5.939      ;
; 3.751 ; B[3]      ; Z[3]    ; clk          ; clk         ; 10.000       ; 0.000      ; 5.749      ;
; 3.778 ; B[2]      ; Z[2]    ; clk          ; clk         ; 10.000       ; 0.000      ; 5.722      ;
; 3.799 ; B[0]      ; Z[0]    ; clk          ; clk         ; 10.000       ; 0.000      ; 5.701      ;
; 3.800 ; B[4]      ; Z[4]    ; clk          ; clk         ; 10.000       ; 0.000      ; 5.700      ;
; 3.830 ; A[0]      ; Z[0]    ; clk          ; clk         ; 10.000       ; 0.000      ; 5.670      ;
; 3.831 ; A[1]      ; Z[1]    ; clk          ; clk         ; 10.000       ; 0.000      ; 5.669      ;
; 3.854 ; S0        ; Z[7]    ; clk          ; clk         ; 10.000       ; 0.000      ; 5.646      ;
; 3.866 ; B[5]      ; Z[5]    ; clk          ; clk         ; 10.000       ; 0.000      ; 5.634      ;
; 3.928 ; A[3]      ; Z[3]    ; clk          ; clk         ; 10.000       ; 0.000      ; 5.572      ;
; 3.930 ; A[5]      ; Z[5]    ; clk          ; clk         ; 10.000       ; 0.000      ; 5.570      ;
; 3.932 ; A[4]      ; Z[4]    ; clk          ; clk         ; 10.000       ; 0.000      ; 5.568      ;
; 3.941 ; A[2]      ; Z[2]    ; clk          ; clk         ; 10.000       ; 0.000      ; 5.559      ;
; 3.987 ; B[1]      ; Z[1]    ; clk          ; clk         ; 10.000       ; 0.000      ; 5.513      ;
; 4.056 ; S0        ; Z[3]    ; clk          ; clk         ; 10.000       ; 0.000      ; 5.444      ;
; 4.070 ; S0        ; Z[4]    ; clk          ; clk         ; 10.000       ; 0.000      ; 5.430      ;
; 4.141 ; S0        ; Z[1]    ; clk          ; clk         ; 10.000       ; 0.000      ; 5.359      ;
; 4.391 ; S0        ; Z[0]    ; clk          ; clk         ; 10.000       ; 0.000      ; 5.109      ;
; 4.407 ; S0        ; Z[2]    ; clk          ; clk         ; 10.000       ; 0.000      ; 5.093      ;
; 4.492 ; S0        ; Z[5]    ; clk          ; clk         ; 10.000       ; 0.000      ; 5.008      ;
; 4.681 ; B[7]      ; Z[7]    ; clk          ; clk         ; 10.000       ; 0.000      ; 4.819      ;
; 4.812 ; A[7]      ; Z[7]    ; clk          ; clk         ; 10.000       ; 0.000      ; 4.688      ;
+-------+-----------+---------+--------------+-------------+--------------+------------+------------+


+---------------------------------------------------------------------------------------------------+
; Slow 1200mV 0C Model Hold: 'clk'                                                                  ;
+-------+-----------+---------+--------------+-------------+--------------+------------+------------+
; Slack ; From Node ; To Node ; Launch Clock ; Latch Clock ; Relationship ; Clock Skew ; Data Delay ;
+-------+-----------+---------+--------------+-------------+--------------+------------+------------+
; 4.507 ; A[7]      ; Z[7]    ; clk          ; clk         ; 0.000        ; 0.000      ; 4.487      ;
; 4.617 ; B[7]      ; Z[7]    ; clk          ; clk         ; 0.000        ; 0.000      ; 4.597      ;
; 4.648 ; S0        ; Z[5]    ; clk          ; clk         ; 0.000        ; 0.000      ; 4.628      ;
; 4.730 ; S0        ; Z[2]    ; clk          ; clk         ; 0.000        ; 0.000      ; 4.710      ;
; 4.748 ; S0        ; Z[0]    ; clk          ; clk         ; 0.000        ; 0.000      ; 4.728      ;
; 4.948 ; S0        ; Z[1]    ; clk          ; clk         ; 0.000        ; 0.000      ; 4.928      ;
; 5.036 ; S0        ; Z[4]    ; clk          ; clk         ; 0.000        ; 0.000      ; 5.016      ;
; 5.038 ; S0        ; Z[3]    ; clk          ; clk         ; 0.000        ; 0.000      ; 5.018      ;
; 5.154 ; A[5]      ; Z[5]    ; clk          ; clk         ; 0.000        ; 0.000      ; 5.134      ;
; 5.164 ; B[1]      ; Z[1]    ; clk          ; clk         ; 0.000        ; 0.000      ; 5.144      ;
; 5.171 ; A[2]      ; Z[2]    ; clk          ; clk         ; 0.000        ; 0.000      ; 5.151      ;
; 5.213 ; S0        ; Z[7]    ; clk          ; clk         ; 0.000        ; 0.000      ; 5.193      ;
; 5.226 ; B[5]      ; Z[5]    ; clk          ; clk         ; 0.000        ; 0.000      ; 5.206      ;
; 5.232 ; A[4]      ; Z[4]    ; clk          ; clk         ; 0.000        ; 0.000      ; 5.212      ;
; 5.237 ; A[3]      ; Z[3]    ; clk          ; clk         ; 0.000        ; 0.000      ; 5.217      ;
; 5.304 ; A[0]      ; Z[0]    ; clk          ; clk         ; 0.000        ; 0.000      ; 5.284      ;
; 5.326 ; A[1]      ; Z[1]    ; clk          ; clk         ; 0.000        ; 0.000      ; 5.306      ;
; 5.339 ; B[0]      ; Z[0]    ; clk          ; clk         ; 0.000        ; 0.000      ; 5.319      ;
; 5.350 ; B[2]      ; Z[2]    ; clk          ; clk         ; 0.000        ; 0.000      ; 5.330      ;
; 5.356 ; B[4]      ; Z[4]    ; clk          ; clk         ; 0.000        ; 0.000      ; 5.336      ;
; 5.403 ; B[3]      ; Z[3]    ; clk          ; clk         ; 0.000        ; 0.000      ; 5.383      ;
; 5.575 ; A[6]      ; Z[6]    ; clk          ; clk         ; 0.000        ; 0.000      ; 5.555      ;
; 5.791 ; B[6]      ; Z[6]    ; clk          ; clk         ; 0.000        ; 0.000      ; 5.771      ;
; 5.976 ; S0        ; Z[6]    ; clk          ; clk         ; 0.000        ; 0.000      ; 5.956      ;
+-------+-----------+---------+--------------+-------------+--------------+------------+------------+


+----------------------------------------------------------+
; Propagation Delay                                        ;
+------------+-------------+-------+-------+-------+-------+
; Input Port ; Output Port ; RR    ; RF    ; FR    ; FF    ;
+------------+-------------+-------+-------+-------+-------+
; A[0]       ; Z[0]        ; 5.417 ;       ;       ; 5.670 ;
; A[1]       ; Z[1]        ; 5.420 ;       ;       ; 5.669 ;
; A[2]       ; Z[2]        ; 5.282 ;       ;       ; 5.559 ;
; A[3]       ; Z[3]        ; 5.351 ;       ;       ; 5.572 ;
; A[4]       ; Z[4]        ; 5.349 ;       ;       ; 5.568 ;
; A[5]       ; Z[5]        ; 5.242 ;       ;       ; 5.570 ;
; A[6]       ; Z[6]        ; 5.626 ;       ;       ; 5.939 ;
; A[7]       ; Z[7]        ; 4.563 ;       ;       ; 4.688 ;
; B[0]       ; Z[0]        ; 5.429 ;       ;       ; 5.701 ;
; B[1]       ; Z[1]        ; 5.250 ;       ;       ; 5.513 ;
; B[2]       ; Z[2]        ; 5.441 ;       ;       ; 5.722 ;
; B[3]       ; Z[3]        ; 5.499 ;       ;       ; 5.749 ;
; B[4]       ; Z[4]        ; 5.450 ;       ;       ; 5.700 ;
; B[5]       ; Z[5]        ; 5.334 ;       ;       ; 5.634 ;
; B[6]       ; Z[6]        ; 5.867 ;       ;       ; 6.091 ;
; B[7]       ; Z[7]        ; 4.694 ;       ;       ; 4.819 ;
; S0         ; Z[0]        ; 4.838 ; 4.818 ; 5.109 ; 5.081 ;
; S0         ; Z[1]        ; 5.042 ; 5.093 ; 5.359 ; 5.306 ;
; S0         ; Z[2]        ; 4.822 ; 4.799 ; 5.093 ; 5.062 ;
; S0         ; Z[3]        ; 5.172 ; 5.123 ; 5.444 ; 5.387 ;
; S0         ; Z[4]        ; 5.157 ; 5.120 ; 5.430 ; 5.385 ;
; S0         ; Z[5]        ; 4.736 ; 4.718 ; 5.008 ; 4.982 ;
; S0         ; Z[6]        ; 6.047 ; 6.109 ; 6.319 ; 6.373 ;
; S0         ; Z[7]        ; 5.372 ; 5.306 ; 5.646 ; 5.572 ;
+------------+-------------+-------+-------+-------+-------+


+----------------------------------------------------------+
; Minimum Propagation Delay                                ;
+------------+-------------+-------+-------+-------+-------+
; Input Port ; Output Port ; RR    ; RF    ; FR    ; FF    ;
+------------+-------------+-------+-------+-------+-------+
; A[0]       ; Z[0]        ; 5.284 ;       ;       ; 5.512 ;
; A[1]       ; Z[1]        ; 5.306 ;       ;       ; 5.551 ;
; A[2]       ; Z[2]        ; 5.151 ;       ;       ; 5.406 ;
; A[3]       ; Z[3]        ; 5.217 ;       ;       ; 5.415 ;
; A[4]       ; Z[4]        ; 5.212 ;       ;       ; 5.413 ;
; A[5]       ; Z[5]        ; 5.134 ;       ;       ; 5.452 ;
; A[6]       ; Z[6]        ; 5.555 ;       ;       ; 5.862 ;
; A[7]       ; Z[7]        ; 4.487 ;       ;       ; 4.612 ;
; B[0]       ; Z[0]        ; 5.319 ;       ;       ; 5.583 ;
; B[1]       ; Z[1]        ; 5.144 ;       ;       ; 5.405 ;
; B[2]       ; Z[2]        ; 5.330 ;       ;       ; 5.604 ;
; B[3]       ; Z[3]        ; 5.383 ;       ;       ; 5.626 ;
; B[4]       ; Z[4]        ; 5.336 ;       ;       ; 5.579 ;
; B[5]       ; Z[5]        ; 5.206 ;       ;       ; 5.489 ;
; B[6]       ; Z[6]        ; 5.771 ;       ;       ; 5.987 ;
; B[7]       ; Z[7]        ; 4.597 ;       ;       ; 4.716 ;
; S0         ; Z[0]        ; 4.748 ; 4.728 ; 5.014 ; 4.988 ;
; S0         ; Z[1]        ; 4.928 ; 4.969 ; 5.236 ; 5.184 ;
; S0         ; Z[2]        ; 4.732 ; 4.710 ; 4.998 ; 4.970 ;
; S0         ; Z[3]        ; 5.066 ; 5.018 ; 5.333 ; 5.279 ;
; S0         ; Z[4]        ; 5.052 ; 5.016 ; 5.319 ; 5.277 ;
; S0         ; Z[5]        ; 4.646 ; 4.628 ; 4.913 ; 4.889 ;
; S0         ; Z[6]        ; 5.956 ; 6.019 ; 6.223 ; 6.280 ;
; S0         ; Z[7]        ; 5.258 ; 5.193 ; 5.527 ; 5.456 ;
+------------+-------------+-------+-------+-------+-------+


---------------------------------------------
; Slow 1200mV 0C Model Metastability Report ;
---------------------------------------------
No synchronizer chains to report.


+------------------------------------+
; Fast 1200mV 0C Model Setup Summary ;
+-------+-------+--------------------+
; Clock ; Slack ; End Point TNS      ;
+-------+-------+--------------------+
; clk   ; 5.007 ; 0.000              ;
+-------+-------+--------------------+


+-----------------------------------+
; Fast 1200mV 0C Model Hold Summary ;
+-------+-------+-------------------+
; Clock ; Slack ; End Point TNS     ;
+-------+-------+-------------------+
; clk   ; 2.768 ; 0.000             ;
+-------+-------+-------------------+


-----------------------------------------
; Fast 1200mV 0C Model Recovery Summary ;
-----------------------------------------
No paths to report.


----------------------------------------
; Fast 1200mV 0C Model Removal Summary ;
----------------------------------------
No paths to report.


----------------------------------------------------
; Fast 1200mV 0C Model Minimum Pulse Width Summary ;
----------------------------------------------------
No paths to report.


+---------------------------------------------------------------------------------------------------+
; Fast 1200mV 0C Model Setup: 'clk'                                                                 ;
+-------+-----------+---------+--------------+-------------+--------------+------------+------------+
; Slack ; From Node ; To Node ; Launch Clock ; Latch Clock ; Relationship ; Clock Skew ; Data Delay ;
+-------+-----------+---------+--------------+-------------+--------------+------------+------------+
; 5.007 ; S0        ; Z[6]    ; clk          ; clk         ; 10.000       ; 0.000      ; 4.493      ;
; 5.218 ; B[6]      ; Z[6]    ; clk          ; clk         ; 10.000       ; 0.000      ; 4.282      ;
; 5.350 ; A[6]      ; Z[6]    ; clk          ; clk         ; 10.000       ; 0.000      ; 4.150      ;
; 5.496 ; B[3]      ; Z[3]    ; clk          ; clk         ; 10.000       ; 0.000      ; 4.004      ;
; 5.503 ; B[0]      ; Z[0]    ; clk          ; clk         ; 10.000       ; 0.000      ; 3.997      ;
; 5.507 ; B[2]      ; Z[2]    ; clk          ; clk         ; 10.000       ; 0.000      ; 3.993      ;
; 5.519 ; B[4]      ; Z[4]    ; clk          ; clk         ; 10.000       ; 0.000      ; 3.981      ;
; 5.534 ; A[0]      ; Z[0]    ; clk          ; clk         ; 10.000       ; 0.000      ; 3.966      ;
; 5.556 ; A[1]      ; Z[1]    ; clk          ; clk         ; 10.000       ; 0.000      ; 3.944      ;
; 5.565 ; B[5]      ; Z[5]    ; clk          ; clk         ; 10.000       ; 0.000      ; 3.935      ;
; 5.599 ; S0        ; Z[7]    ; clk          ; clk         ; 10.000       ; 0.000      ; 3.901      ;
; 5.613 ; A[5]      ; Z[5]    ; clk          ; clk         ; 10.000       ; 0.000      ; 3.887      ;
; 5.615 ; A[4]      ; Z[4]    ; clk          ; clk         ; 10.000       ; 0.000      ; 3.885      ;
; 5.617 ; A[3]      ; Z[3]    ; clk          ; clk         ; 10.000       ; 0.000      ; 3.883      ;
; 5.627 ; B[1]      ; Z[1]    ; clk          ; clk         ; 10.000       ; 0.000      ; 3.873      ;
; 5.630 ; A[2]      ; Z[2]    ; clk          ; clk         ; 10.000       ; 0.000      ; 3.870      ;
; 5.713 ; S0        ; Z[4]    ; clk          ; clk         ; 10.000       ; 0.000      ; 3.787      ;
; 5.719 ; S0        ; Z[3]    ; clk          ; clk         ; 10.000       ; 0.000      ; 3.781      ;
; 5.791 ; S0        ; Z[1]    ; clk          ; clk         ; 10.000       ; 0.000      ; 3.709      ;
; 5.925 ; S0        ; Z[0]    ; clk          ; clk         ; 10.000       ; 0.000      ; 3.575      ;
; 5.949 ; S0        ; Z[2]    ; clk          ; clk         ; 10.000       ; 0.000      ; 3.551      ;
; 6.008 ; S0        ; Z[5]    ; clk          ; clk         ; 10.000       ; 0.000      ; 3.492      ;
; 6.178 ; B[7]      ; Z[7]    ; clk          ; clk         ; 10.000       ; 0.000      ; 3.322      ;
; 6.261 ; A[7]      ; Z[7]    ; clk          ; clk         ; 10.000       ; 0.000      ; 3.239      ;
+-------+-----------+---------+--------------+-------------+--------------+------------+------------+


+---------------------------------------------------------------------------------------------------+
; Fast 1200mV 0C Model Hold: 'clk'                                                                  ;
+-------+-----------+---------+--------------+-------------+--------------+------------+------------+
; Slack ; From Node ; To Node ; Launch Clock ; Latch Clock ; Relationship ; Clock Skew ; Data Delay ;
+-------+-----------+---------+--------------+-------------+--------------+------------+------------+
; 2.768 ; A[7]      ; Z[7]    ; clk          ; clk         ; 0.000        ; 0.000      ; 2.748      ;
; 2.853 ; B[7]      ; Z[7]    ; clk          ; clk         ; 0.000        ; 0.000      ; 2.833      ;
; 2.878 ; S0        ; Z[5]    ; clk          ; clk         ; 0.000        ; 0.000      ; 2.858      ;
; 2.917 ; S0        ; Z[2]    ; clk          ; clk         ; 0.000        ; 0.000      ; 2.897      ;
; 2.939 ; S0        ; Z[0]    ; clk          ; clk         ; 0.000        ; 0.000      ; 2.919      ;
; 3.037 ; S0        ; Z[1]    ; clk          ; clk         ; 0.000        ; 0.000      ; 3.017      ;
; 3.127 ; S0        ; Z[4]    ; clk          ; clk         ; 0.000        ; 0.000      ; 3.107      ;
; 3.138 ; S0        ; Z[3]    ; clk          ; clk         ; 0.000        ; 0.000      ; 3.118      ;
; 3.207 ; A[2]      ; Z[2]    ; clk          ; clk         ; 0.000        ; 0.000      ; 3.187      ;
; 3.215 ; B[1]      ; Z[1]    ; clk          ; clk         ; 0.000        ; 0.000      ; 3.195      ;
; 3.238 ; S0        ; Z[7]    ; clk          ; clk         ; 0.000        ; 0.000      ; 3.218      ;
; 3.238 ; A[4]      ; Z[4]    ; clk          ; clk         ; 0.000        ; 0.000      ; 3.218      ;
; 3.245 ; A[3]      ; Z[3]    ; clk          ; clk         ; 0.000        ; 0.000      ; 3.225      ;
; 3.260 ; A[5]      ; Z[5]    ; clk          ; clk         ; 0.000        ; 0.000      ; 3.240      ;
; 3.277 ; A[1]      ; Z[1]    ; clk          ; clk         ; 0.000        ; 0.000      ; 3.257      ;
; 3.281 ; B[5]      ; Z[5]    ; clk          ; clk         ; 0.000        ; 0.000      ; 3.261      ;
; 3.292 ; A[0]      ; Z[0]    ; clk          ; clk         ; 0.000        ; 0.000      ; 3.272      ;
; 3.341 ; B[2]      ; Z[2]    ; clk          ; clk         ; 0.000        ; 0.000      ; 3.321      ;
; 3.342 ; B[0]      ; Z[0]    ; clk          ; clk         ; 0.000        ; 0.000      ; 3.322      ;
; 3.342 ; B[4]      ; Z[4]    ; clk          ; clk         ; 0.000        ; 0.000      ; 3.322      ;
; 3.355 ; B[3]      ; Z[3]    ; clk          ; clk         ; 0.000        ; 0.000      ; 3.335      ;
; 3.555 ; A[6]      ; Z[6]    ; clk          ; clk         ; 0.000        ; 0.000      ; 3.535      ;
; 3.678 ; B[6]      ; Z[6]    ; clk          ; clk         ; 0.000        ; 0.000      ; 3.658      ;
; 3.822 ; S0        ; Z[6]    ; clk          ; clk         ; 0.000        ; 0.000      ; 3.802      ;
+-------+-----------+---------+--------------+-------------+--------------+------------+------------+


+----------------------------------------------------------+
; Propagation Delay                                        ;
+------------+-------------+-------+-------+-------+-------+
; Input Port ; Output Port ; RR    ; RF    ; FR    ; FF    ;
+------------+-------------+-------+-------+-------+-------+
; A[0]       ; Z[0]        ; 3.357 ;       ;       ; 3.966 ;
; A[1]       ; Z[1]        ; 3.327 ;       ;       ; 3.944 ;
; A[2]       ; Z[2]        ; 3.269 ;       ;       ; 3.870 ;
; A[3]       ; Z[3]        ; 3.310 ;       ;       ; 3.883 ;
; A[4]       ; Z[4]        ; 3.302 ;       ;       ; 3.885 ;
; A[5]       ; Z[5]        ; 3.312 ;       ;       ; 3.887 ;
; A[6]       ; Z[6]        ; 3.581 ;       ;       ; 4.150 ;
; A[7]       ; Z[7]        ; 2.795 ;       ;       ; 3.239 ;
; B[0]       ; Z[0]        ; 3.395 ;       ;       ; 3.997 ;
; B[1]       ; Z[1]        ; 3.263 ;       ;       ; 3.873 ;
; B[2]       ; Z[2]        ; 3.395 ;       ;       ; 3.993 ;
; B[3]       ; Z[3]        ; 3.410 ;       ;       ; 4.004 ;
; B[4]       ; Z[4]        ; 3.396 ;       ;       ; 3.981 ;
; B[5]       ; Z[5]        ; 3.342 ;       ;       ; 3.935 ;
; B[6]       ; Z[6]        ; 3.716 ;       ;       ; 4.282 ;
; B[7]       ; Z[7]        ; 2.890 ;       ;       ; 3.322 ;
; S0         ; Z[0]        ; 2.976 ; 3.047 ; 3.511 ; 3.575 ;
; S0         ; Z[1]        ; 3.085 ; 3.204 ; 3.660 ; 3.709 ;
; S0         ; Z[2]        ; 2.954 ; 3.024 ; 3.488 ; 3.551 ;
; S0         ; Z[3]        ; 3.185 ; 3.254 ; 3.719 ; 3.781 ;
; S0         ; Z[4]        ; 3.173 ; 3.258 ; 3.709 ; 3.787 ;
; S0         ; Z[5]        ; 2.915 ; 2.963 ; 3.451 ; 3.492 ;
; S0         ; Z[6]        ; 3.859 ; 3.964 ; 4.395 ; 4.493 ;
; S0         ; Z[7]        ; 3.289 ; 3.373 ; 3.824 ; 3.901 ;
+------------+-------------+-------+-------+-------+-------+


+----------------------------------------------------------+
; Minimum Propagation Delay                                ;
+------------+-------------+-------+-------+-------+-------+
; Input Port ; Output Port ; RR    ; RF    ; FR    ; FF    ;
+------------+-------------+-------+-------+-------+-------+
; A[0]       ; Z[0]        ; 3.272 ;       ;       ; 3.857 ;
; A[1]       ; Z[1]        ; 3.257 ;       ;       ; 3.865 ;
; A[2]       ; Z[2]        ; 3.187 ;       ;       ; 3.771 ;
; A[3]       ; Z[3]        ; 3.225 ;       ;       ; 3.774 ;
; A[4]       ; Z[4]        ; 3.218 ;       ;       ; 3.782 ;
; A[5]       ; Z[5]        ; 3.240 ;       ;       ; 3.808 ;
; A[6]       ; Z[6]        ; 3.535 ;       ;       ; 4.099 ;
; A[7]       ; Z[7]        ; 2.748 ;       ;       ; 3.190 ;
; B[0]       ; Z[0]        ; 3.322 ;       ;       ; 3.918 ;
; B[1]       ; Z[1]        ; 3.195 ;       ;       ; 3.799 ;
; B[2]       ; Z[2]        ; 3.321 ;       ;       ; 3.913 ;
; B[3]       ; Z[3]        ; 3.335 ;       ;       ; 3.920 ;
; B[4]       ; Z[4]        ; 3.322 ;       ;       ; 3.899 ;
; B[5]       ; Z[5]        ; 3.261 ;       ;       ; 3.836 ;
; B[6]       ; Z[6]        ; 3.658 ;       ;       ; 4.207 ;
; B[7]       ; Z[7]        ; 2.833 ;       ;       ; 3.255 ;
; S0         ; Z[0]        ; 2.919 ; 2.990 ; 3.449 ; 3.513 ;
; S0         ; Z[1]        ; 3.017 ; 3.121 ; 3.580 ; 3.627 ;
; S0         ; Z[2]        ; 2.897 ; 2.967 ; 3.426 ; 3.489 ;
; S0         ; Z[3]        ; 3.118 ; 3.185 ; 3.648 ; 3.708 ;
; S0         ; Z[4]        ; 3.107 ; 3.190 ; 3.637 ; 3.713 ;
; S0         ; Z[5]        ; 2.858 ; 2.906 ; 3.389 ; 3.430 ;
; S0         ; Z[6]        ; 3.802 ; 3.905 ; 4.332 ; 4.428 ;
; S0         ; Z[7]        ; 3.218 ; 3.300 ; 3.748 ; 3.823 ;
+------------+-------------+-------+-------+-------+-------+


---------------------------------------------
; Fast 1200mV 0C Model Metastability Report ;
---------------------------------------------
No synchronizer chains to report.


+-----------------------------------------------------------------------------+
; Multicorner Timing Analysis Summary                                         ;
+------------------+-------+-------+----------+---------+---------------------+
; Clock            ; Setup ; Hold  ; Recovery ; Removal ; Minimum Pulse Width ;
+------------------+-------+-------+----------+---------+---------------------+
; Worst-case Slack ; 2.836 ; 2.768 ; N/A      ; N/A     ; N/A                 ;
;  clk             ; 2.836 ; 2.768 ; N/A      ; N/A     ; N/A                 ;
; Design-wide TNS  ; 0.0   ; 0.0   ; 0.0      ; 0.0     ; 0.0                 ;
;  clk             ; 0.000 ; 0.000 ; N/A      ; N/A     ; N/A                 ;
+------------------+-------+-------+----------+---------+---------------------+


+----------------------------------------------------------+
; Propagation Delay                                        ;
+------------+-------------+-------+-------+-------+-------+
; Input Port ; Output Port ; RR    ; RF    ; FR    ; FF    ;
+------------+-------------+-------+-------+-------+-------+
; A[0]       ; Z[0]        ; 5.732 ;       ;       ; 6.024 ;
; A[1]       ; Z[1]        ; 5.730 ;       ;       ; 6.043 ;
; A[2]       ; Z[2]        ; 5.614 ;       ;       ; 5.972 ;
; A[3]       ; Z[3]        ; 5.659 ;       ;       ; 5.978 ;
; A[4]       ; Z[4]        ; 5.653 ;       ;       ; 5.928 ;
; A[5]       ; Z[5]        ; 5.631 ;       ;       ; 6.031 ;
; A[6]       ; Z[6]        ; 5.819 ;       ;       ; 6.174 ;
; A[7]       ; Z[7]        ; 4.730 ;       ;       ; 4.877 ;
; B[0]       ; Z[0]        ; 5.770 ;       ;       ; 6.116 ;
; B[1]       ; Z[1]        ; 5.574 ;       ;       ; 5.914 ;
; B[2]       ; Z[2]        ; 5.786 ;       ;       ; 6.147 ;
; B[3]       ; Z[3]        ; 5.845 ;       ;       ; 6.192 ;
; B[4]       ; Z[4]        ; 5.790 ;       ;       ; 6.074 ;
; B[5]       ; Z[5]        ; 5.707 ;       ;       ; 6.091 ;
; B[6]       ; Z[6]        ; 6.047 ;       ;       ; 6.290 ;
; B[7]       ; Z[7]        ; 4.877 ;       ;       ; 5.029 ;
; S0         ; Z[0]        ; 5.062 ; 5.047 ; 5.394 ; 5.370 ;
; S0         ; Z[1]        ; 5.283 ; 5.359 ; 5.674 ; 5.637 ;
; S0         ; Z[2]        ; 5.042 ; 5.038 ; 5.376 ; 5.363 ;
; S0         ; Z[3]        ; 5.420 ; 5.419 ; 5.753 ; 5.743 ;
; S0         ; Z[4]        ; 5.408 ; 5.369 ; 5.741 ; 5.693 ;
; S0         ; Z[5]        ; 4.956 ; 4.964 ; 5.289 ; 5.288 ;
; S0         ; Z[6]        ; 6.269 ; 6.340 ; 6.602 ; 6.664 ;
; S0         ; Z[7]        ; 5.635 ; 5.600 ; 5.970 ; 5.926 ;
+------------+-------------+-------+-------+-------+-------+


+----------------------------------------------------------+
; Minimum Propagation Delay                                ;
+------------+-------------+-------+-------+-------+-------+
; Input Port ; Output Port ; RR    ; RF    ; FR    ; FF    ;
+------------+-------------+-------+-------+-------+-------+
; A[0]       ; Z[0]        ; 3.272 ;       ;       ; 3.857 ;
; A[1]       ; Z[1]        ; 3.257 ;       ;       ; 3.865 ;
; A[2]       ; Z[2]        ; 3.187 ;       ;       ; 3.771 ;
; A[3]       ; Z[3]        ; 3.225 ;       ;       ; 3.774 ;
; A[4]       ; Z[4]        ; 3.218 ;       ;       ; 3.782 ;
; A[5]       ; Z[5]        ; 3.240 ;       ;       ; 3.808 ;
; A[6]       ; Z[6]        ; 3.535 ;       ;       ; 4.099 ;
; A[7]       ; Z[7]        ; 2.748 ;       ;       ; 3.190 ;
; B[0]       ; Z[0]        ; 3.322 ;       ;       ; 3.918 ;
; B[1]       ; Z[1]        ; 3.195 ;       ;       ; 3.799 ;
; B[2]       ; Z[2]        ; 3.321 ;       ;       ; 3.913 ;
; B[3]       ; Z[3]        ; 3.335 ;       ;       ; 3.920 ;
; B[4]       ; Z[4]        ; 3.322 ;       ;       ; 3.899 ;
; B[5]       ; Z[5]        ; 3.261 ;       ;       ; 3.836 ;
; B[6]       ; Z[6]        ; 3.658 ;       ;       ; 4.207 ;
; B[7]       ; Z[7]        ; 2.833 ;       ;       ; 3.255 ;
; S0         ; Z[0]        ; 2.919 ; 2.990 ; 3.449 ; 3.513 ;
; S0         ; Z[1]        ; 3.017 ; 3.121 ; 3.580 ; 3.627 ;
; S0         ; Z[2]        ; 2.897 ; 2.967 ; 3.426 ; 3.489 ;
; S0         ; Z[3]        ; 3.118 ; 3.185 ; 3.648 ; 3.708 ;
; S0         ; Z[4]        ; 3.107 ; 3.190 ; 3.637 ; 3.713 ;
; S0         ; Z[5]        ; 2.858 ; 2.906 ; 3.389 ; 3.430 ;
; S0         ; Z[6]        ; 3.802 ; 3.905 ; 4.332 ; 4.428 ;
; S0         ; Z[7]        ; 3.218 ; 3.300 ; 3.748 ; 3.823 ;
+------------+-------------+-------+-------+-------+-------+


+------------------------------------------------------------------------------------------------------------------------------------------------------------------------------------------------------------------------------------------------------------------------------------------------------------------------------------------------------------------------------------------------------------------+
; Board Trace Model Assignments                                                                                                                                                                                                                                                                                                                                                                                    ;
+---------------+--------------+-------------------+-------------------------+-------------------------+---------------+---------------------+----------------+------------------+--------+------------------+------------------------+------------------------+--------------+---------------+-----------------+-------+---------------------+--------------------+---------------+-----------------+-------------+
; Pin           ; I/O Standard ; Near Tline Length ; Near Tline L per Length ; Near Tline C per Length ; Near Series R ; Near Differential R ; Near Pull-up R ; Near Pull-down R ; Near C ; Far Tline Length ; Far Tline L per Length ; Far Tline C per Length ; Far Series R ; Far Pull-up R ; Far Pull-down R ; Far C ; Termination Voltage ; Far Differential R ; EBD File Name ; EBD Signal Name ; EBD Far-end ;
+---------------+--------------+-------------------+-------------------------+-------------------------+---------------+---------------------+----------------+------------------+--------+------------------+------------------------+------------------------+--------------+---------------+-----------------+-------+---------------------+--------------------+---------------+-----------------+-------------+
; Z[7]          ; 2.5 V        ; 0 in              ; 0 H/in                  ; 0 F/in                  ; short         ; -                   ; open           ; open             ; open   ; 0 in             ; 0 H/in                 ; 0 F/in                 ; short        ; open          ; open            ; open  ; 0 V                 ; -                  ; n/a           ; n/a             ; n/a         ;
; Z[6]          ; 2.5 V        ; 0 in              ; 0 H/in                  ; 0 F/in                  ; short         ; -                   ; open           ; open             ; open   ; 0 in             ; 0 H/in                 ; 0 F/in                 ; short        ; open          ; open            ; open  ; 0 V                 ; -                  ; n/a           ; n/a             ; n/a         ;
; Z[5]          ; 2.5 V        ; 0 in              ; 0 H/in                  ; 0 F/in                  ; short         ; -                   ; open           ; open             ; open   ; 0 in             ; 0 H/in                 ; 0 F/in                 ; short        ; open          ; open            ; open  ; 0 V                 ; -                  ; n/a           ; n/a             ; n/a         ;
; Z[4]          ; 2.5 V        ; 0 in              ; 0 H/in                  ; 0 F/in                  ; short         ; -                   ; open           ; open             ; open   ; 0 in             ; 0 H/in                 ; 0 F/in                 ; short        ; open          ; open            ; open  ; 0 V                 ; -                  ; n/a           ; n/a             ; n/a         ;
; Z[3]          ; 2.5 V        ; 0 in              ; 0 H/in                  ; 0 F/in                  ; short         ; -                   ; open           ; open             ; open   ; 0 in             ; 0 H/in                 ; 0 F/in                 ; short        ; open          ; open            ; open  ; 0 V                 ; -                  ; n/a           ; n/a             ; n/a         ;
; Z[2]          ; 2.5 V        ; 0 in              ; 0 H/in                  ; 0 F/in                  ; short         ; -                   ; open           ; open             ; open   ; 0 in             ; 0 H/in                 ; 0 F/in                 ; short        ; open          ; open            ; open  ; 0 V                 ; -                  ; n/a           ; n/a             ; n/a         ;
; Z[1]          ; 2.5 V        ; 0 in              ; 0 H/in                  ; 0 F/in                  ; short         ; -                   ; open           ; open             ; open   ; 0 in             ; 0 H/in                 ; 0 F/in                 ; short        ; open          ; open            ; open  ; 0 V                 ; -                  ; n/a           ; n/a             ; n/a         ;
; Z[0]          ; 2.5 V        ; 0 in              ; 0 H/in                  ; 0 F/in                  ; short         ; -                   ; open           ; open             ; open   ; 0 in             ; 0 H/in                 ; 0 F/in                 ; short        ; open          ; open            ; open  ; 0 V                 ; -                  ; n/a           ; n/a             ; n/a         ;
; ~ALTERA_DCLK~ ; 2.5 V        ; 0 in              ; 0 H/in                  ; 0 F/in                  ; short         ; -                   ; open           ; open             ; open   ; 0 in             ; 0 H/in                 ; 0 F/in                 ; short        ; open          ; open            ; open  ; 0 V                 ; -                  ; n/a           ; n/a             ; n/a         ;
; ~ALTERA_nCEO~ ; 2.5 V        ; 0 in              ; 0 H/in                  ; 0 F/in                  ; short         ; -                   ; open           ; open             ; open   ; 0 in             ; 0 H/in                 ; 0 F/in                 ; short        ; open          ; open            ; open  ; 0 V                 ; -                  ; n/a           ; n/a             ; n/a         ;
+---------------+--------------+-------------------+-------------------------+-------------------------+---------------+---------------------+----------------+------------------+--------+------------------+------------------------+------------------------+--------------+---------------+-----------------+-------+---------------------+--------------------+---------------+-----------------+-------------+


+----------------------------------------------------------------------------+
; Input Transition Times                                                     ;
+-------------------------+--------------+-----------------+-----------------+
; Pin                     ; I/O Standard ; 10-90 Rise Time ; 90-10 Fall Time ;
+-------------------------+--------------+-----------------+-----------------+
; B[7]                    ; 2.5 V        ; 2000 ps         ; 2000 ps         ;
; A[7]                    ; 2.5 V        ; 2000 ps         ; 2000 ps         ;
; S0                      ; 2.5 V        ; 2000 ps         ; 2000 ps         ;
; B[6]                    ; 2.5 V        ; 2000 ps         ; 2000 ps         ;
; A[6]                    ; 2.5 V        ; 2000 ps         ; 2000 ps         ;
; B[5]                    ; 2.5 V        ; 2000 ps         ; 2000 ps         ;
; A[5]                    ; 2.5 V        ; 2000 ps         ; 2000 ps         ;
; B[4]                    ; 2.5 V        ; 2000 ps         ; 2000 ps         ;
; A[4]                    ; 2.5 V        ; 2000 ps         ; 2000 ps         ;
; B[3]                    ; 2.5 V        ; 2000 ps         ; 2000 ps         ;
; A[3]                    ; 2.5 V        ; 2000 ps         ; 2000 ps         ;
; B[2]                    ; 2.5 V        ; 2000 ps         ; 2000 ps         ;
; A[2]                    ; 2.5 V        ; 2000 ps         ; 2000 ps         ;
; B[1]                    ; 2.5 V        ; 2000 ps         ; 2000 ps         ;
; A[1]                    ; 2.5 V        ; 2000 ps         ; 2000 ps         ;
; B[0]                    ; 2.5 V        ; 2000 ps         ; 2000 ps         ;
; A[0]                    ; 2.5 V        ; 2000 ps         ; 2000 ps         ;
; ~ALTERA_ASDO_DATA1~     ; 2.5 V        ; 2000 ps         ; 2000 ps         ;
; ~ALTERA_FLASH_nCE_nCSO~ ; 2.5 V        ; 2000 ps         ; 2000 ps         ;
; ~ALTERA_DATA0~          ; 2.5 V        ; 2000 ps         ; 2000 ps         ;
+-------------------------+--------------+-----------------+-----------------+


+--------------------------------------------------------------------------------------------------------------------------------------------------------------------------------------------------------------------------------------------------------------------------------------------------------------------------------------------------------------------------------------------------------------------------------------------------------------------------------------------------------------------------------------------------------------------------------------------------------------------------------------------------------------------------------------------+
; Slow Corner Signal Integrity Metrics                                                                                                                                                                                                                                                                                                                                                                                                                                                                                                                                                                                                                                                       ;
+---------------+--------------+---------------------+---------------------+------------------------------+------------------------------+---------------------+---------------------+--------------------------------------+--------------------------------------+-----------------------------+-----------------------------+----------------------------+----------------------------+-----------------------------+-----------------------------+--------------------+--------------------+-------------------------------------+-------------------------------------+----------------------------+----------------------------+---------------------------+---------------------------+
; Pin           ; I/O Standard ; Board Delay on Rise ; Board Delay on Fall ; Steady State Voh at FPGA Pin ; Steady State Vol at FPGA Pin ; Voh Max at FPGA Pin ; Vol Min at FPGA Pin ; Ringback Voltage on Rise at FPGA Pin ; Ringback Voltage on Fall at FPGA Pin ; 10-90 Rise Time at FPGA Pin ; 90-10 Fall Time at FPGA Pin ; Monotonic Rise at FPGA Pin ; Monotonic Fall at FPGA Pin ; Steady State Voh at Far-end ; Steady State Vol at Far-end ; Voh Max at Far-end ; Vol Min at Far-end ; Ringback Voltage on Rise at Far-end ; Ringback Voltage on Fall at Far-end ; 10-90 Rise Time at Far-end ; 90-10 Fall Time at Far-end ; Monotonic Rise at Far-end ; Monotonic Fall at Far-end ;
+---------------+--------------+---------------------+---------------------+------------------------------+------------------------------+---------------------+---------------------+--------------------------------------+--------------------------------------+-----------------------------+-----------------------------+----------------------------+----------------------------+-----------------------------+-----------------------------+--------------------+--------------------+-------------------------------------+-------------------------------------+----------------------------+----------------------------+---------------------------+---------------------------+
; Z[7]          ; 2.5 V        ; 0 s                 ; 0 s                 ; 2.32 V                       ; 1.06e-06 V                   ; 2.36 V              ; -0.00548 V          ; 0.108 V                              ; 0.017 V                              ; 4.48e-10 s                  ; 4.25e-10 s                  ; Yes                        ; Yes                        ; 2.32 V                      ; 1.06e-06 V                  ; 2.36 V             ; -0.00548 V         ; 0.108 V                             ; 0.017 V                             ; 4.48e-10 s                 ; 4.25e-10 s                 ; Yes                       ; Yes                       ;
; Z[6]          ; 2.5 V        ; 0 s                 ; 0 s                 ; 2.32 V                       ; 7.11e-07 V                   ; 2.33 V              ; -0.00353 V          ; 0.131 V                              ; 0.073 V                              ; 3.33e-09 s                  ; 3.13e-09 s                  ; Yes                        ; Yes                        ; 2.32 V                      ; 7.11e-07 V                  ; 2.33 V             ; -0.00353 V         ; 0.131 V                             ; 0.073 V                             ; 3.33e-09 s                 ; 3.13e-09 s                 ; Yes                       ; Yes                       ;
; Z[5]          ; 2.5 V        ; 0 s                 ; 0 s                 ; 2.32 V                       ; 7.11e-07 V                   ; 2.36 V              ; -0.00477 V          ; 0.097 V                              ; 0.012 V                              ; 4.4e-10 s                   ; 4.15e-10 s                  ; Yes                        ; Yes                        ; 2.32 V                      ; 7.11e-07 V                  ; 2.36 V             ; -0.00477 V         ; 0.097 V                             ; 0.012 V                             ; 4.4e-10 s                  ; 4.15e-10 s                 ; Yes                       ; Yes                       ;
; Z[4]          ; 2.5 V        ; 0 s                 ; 0 s                 ; 2.32 V                       ; 1.06e-06 V                   ; 2.36 V              ; -0.00548 V          ; 0.108 V                              ; 0.017 V                              ; 4.48e-10 s                  ; 4.25e-10 s                  ; Yes                        ; Yes                        ; 2.32 V                      ; 1.06e-06 V                  ; 2.36 V             ; -0.00548 V         ; 0.108 V                             ; 0.017 V                             ; 4.48e-10 s                 ; 4.25e-10 s                 ; Yes                       ; Yes                       ;
; Z[3]          ; 2.5 V        ; 0 s                 ; 0 s                 ; 2.32 V                       ; 1.06e-06 V                   ; 2.36 V              ; -0.00548 V          ; 0.108 V                              ; 0.017 V                              ; 4.48e-10 s                  ; 4.25e-10 s                  ; Yes                        ; Yes                        ; 2.32 V                      ; 1.06e-06 V                  ; 2.36 V             ; -0.00548 V         ; 0.108 V                             ; 0.017 V                             ; 4.48e-10 s                 ; 4.25e-10 s                 ; Yes                       ; Yes                       ;
; Z[2]          ; 2.5 V        ; 0 s                 ; 0 s                 ; 2.32 V                       ; 7.11e-07 V                   ; 2.35 V              ; -0.00791 V          ; 0.102 V                              ; 0.023 V                              ; 6.39e-10 s                  ; 5.99e-10 s                  ; Yes                        ; Yes                        ; 2.32 V                      ; 7.11e-07 V                  ; 2.35 V             ; -0.00791 V         ; 0.102 V                             ; 0.023 V                             ; 6.39e-10 s                 ; 5.99e-10 s                 ; Yes                       ; Yes                       ;
; Z[1]          ; 2.5 V        ; 0 s                 ; 0 s                 ; 2.32 V                       ; 7.11e-07 V                   ; 2.35 V              ; -0.00791 V          ; 0.102 V                              ; 0.023 V                              ; 6.39e-10 s                  ; 5.99e-10 s                  ; Yes                        ; Yes                        ; 2.32 V                      ; 7.11e-07 V                  ; 2.35 V             ; -0.00791 V         ; 0.102 V                             ; 0.023 V                             ; 6.39e-10 s                 ; 5.99e-10 s                 ; Yes                       ; Yes                       ;
; Z[0]          ; 2.5 V        ; 0 s                 ; 0 s                 ; 2.32 V                       ; 7.11e-07 V                   ; 2.35 V              ; -0.00791 V          ; 0.102 V                              ; 0.023 V                              ; 6.39e-10 s                  ; 5.99e-10 s                  ; Yes                        ; Yes                        ; 2.32 V                      ; 7.11e-07 V                  ; 2.35 V             ; -0.00791 V         ; 0.102 V                             ; 0.023 V                             ; 6.39e-10 s                 ; 5.99e-10 s                 ; Yes                       ; Yes                       ;
; ~ALTERA_DCLK~ ; 2.5 V        ; 0 s                 ; 0 s                 ; 2.32 V                       ; 5.68e-07 V                   ; 2.36 V              ; -0.0222 V           ; 0.073 V                              ; 0.035 V                              ; 3.97e-10 s                  ; 3.26e-10 s                  ; Yes                        ; Yes                        ; 2.32 V                      ; 5.68e-07 V                  ; 2.36 V             ; -0.0222 V          ; 0.073 V                             ; 0.035 V                             ; 3.97e-10 s                 ; 3.26e-10 s                 ; Yes                       ; Yes                       ;
; ~ALTERA_nCEO~ ; 2.5 V        ; 0 s                 ; 0 s                 ; 2.32 V                       ; 9.36e-07 V                   ; 2.35 V              ; -0.00597 V          ; 0.081 V                              ; 0.031 V                              ; 5.3e-10 s                   ; 7.56e-10 s                  ; Yes                        ; Yes                        ; 2.32 V                      ; 9.36e-07 V                  ; 2.35 V             ; -0.00597 V         ; 0.081 V                             ; 0.031 V                             ; 5.3e-10 s                  ; 7.56e-10 s                 ; Yes                       ; Yes                       ;
+---------------+--------------+---------------------+---------------------+------------------------------+------------------------------+---------------------+---------------------+--------------------------------------+--------------------------------------+-----------------------------+-----------------------------+----------------------------+----------------------------+-----------------------------+-----------------------------+--------------------+--------------------+-------------------------------------+-------------------------------------+----------------------------+----------------------------+---------------------------+---------------------------+


+--------------------------------------------------------------------------------------------------------------------------------------------------------------------------------------------------------------------------------------------------------------------------------------------------------------------------------------------------------------------------------------------------------------------------------------------------------------------------------------------------------------------------------------------------------------------------------------------------------------------------------------------------------------------------------------------+
; Fast Corner Signal Integrity Metrics                                                                                                                                                                                                                                                                                                                                                                                                                                                                                                                                                                                                                                                       ;
+---------------+--------------+---------------------+---------------------+------------------------------+------------------------------+---------------------+---------------------+--------------------------------------+--------------------------------------+-----------------------------+-----------------------------+----------------------------+----------------------------+-----------------------------+-----------------------------+--------------------+--------------------+-------------------------------------+-------------------------------------+----------------------------+----------------------------+---------------------------+---------------------------+
; Pin           ; I/O Standard ; Board Delay on Rise ; Board Delay on Fall ; Steady State Voh at FPGA Pin ; Steady State Vol at FPGA Pin ; Voh Max at FPGA Pin ; Vol Min at FPGA Pin ; Ringback Voltage on Rise at FPGA Pin ; Ringback Voltage on Fall at FPGA Pin ; 10-90 Rise Time at FPGA Pin ; 90-10 Fall Time at FPGA Pin ; Monotonic Rise at FPGA Pin ; Monotonic Fall at FPGA Pin ; Steady State Voh at Far-end ; Steady State Vol at Far-end ; Voh Max at Far-end ; Vol Min at Far-end ; Ringback Voltage on Rise at Far-end ; Ringback Voltage on Fall at Far-end ; 10-90 Rise Time at Far-end ; 90-10 Fall Time at Far-end ; Monotonic Rise at Far-end ; Monotonic Fall at Far-end ;
+---------------+--------------+---------------------+---------------------+------------------------------+------------------------------+---------------------+---------------------+--------------------------------------+--------------------------------------+-----------------------------+-----------------------------+----------------------------+----------------------------+-----------------------------+-----------------------------+--------------------+--------------------+-------------------------------------+-------------------------------------+----------------------------+----------------------------+---------------------------+---------------------------+
; Z[7]          ; 2.5 V        ; 0 s                 ; 0 s                 ; 2.62 V                       ; 4.02e-08 V                   ; 2.71 V              ; -0.0354 V           ; 0.174 V                              ; 0.098 V                              ; 2.73e-10 s                  ; 2.69e-10 s                  ; Yes                        ; Yes                        ; 2.62 V                      ; 4.02e-08 V                  ; 2.71 V             ; -0.0354 V          ; 0.174 V                             ; 0.098 V                             ; 2.73e-10 s                 ; 2.69e-10 s                 ; Yes                       ; Yes                       ;
; Z[6]          ; 2.5 V        ; 0 s                 ; 0 s                 ; 2.62 V                       ; 2.7e-08 V                    ; 2.64 V              ; -0.0118 V           ; 0.201 V                              ; 0.175 V                              ; 2.38e-09 s                  ; 2.21e-09 s                  ; No                         ; Yes                        ; 2.62 V                      ; 2.7e-08 V                   ; 2.64 V             ; -0.0118 V          ; 0.201 V                             ; 0.175 V                             ; 2.38e-09 s                 ; 2.21e-09 s                 ; No                        ; Yes                       ;
; Z[5]          ; 2.5 V        ; 0 s                 ; 0 s                 ; 2.62 V                       ; 2.7e-08 V                    ; 2.72 V              ; -0.0401 V           ; 0.163 V                              ; 0.091 V                              ; 2.71e-10 s                  ; 2.61e-10 s                  ; Yes                        ; Yes                        ; 2.62 V                      ; 2.7e-08 V                   ; 2.72 V             ; -0.0401 V          ; 0.163 V                             ; 0.091 V                             ; 2.71e-10 s                 ; 2.61e-10 s                 ; Yes                       ; Yes                       ;
; Z[4]          ; 2.5 V        ; 0 s                 ; 0 s                 ; 2.62 V                       ; 4.02e-08 V                   ; 2.71 V              ; -0.0354 V           ; 0.174 V                              ; 0.098 V                              ; 2.73e-10 s                  ; 2.69e-10 s                  ; Yes                        ; Yes                        ; 2.62 V                      ; 4.02e-08 V                  ; 2.71 V             ; -0.0354 V          ; 0.174 V                             ; 0.098 V                             ; 2.73e-10 s                 ; 2.69e-10 s                 ; Yes                       ; Yes                       ;
; Z[3]          ; 2.5 V        ; 0 s                 ; 0 s                 ; 2.62 V                       ; 4.02e-08 V                   ; 2.71 V              ; -0.0354 V           ; 0.174 V                              ; 0.098 V                              ; 2.73e-10 s                  ; 2.69e-10 s                  ; Yes                        ; Yes                        ; 2.62 V                      ; 4.02e-08 V                  ; 2.71 V             ; -0.0354 V          ; 0.174 V                             ; 0.098 V                             ; 2.73e-10 s                 ; 2.69e-10 s                 ; Yes                       ; Yes                       ;
; Z[2]          ; 2.5 V        ; 0 s                 ; 0 s                 ; 2.62 V                       ; 2.7e-08 V                    ; 2.71 V              ; -0.0354 V           ; 0.148 V                              ; 0.064 V                              ; 4.51e-10 s                  ; 4.14e-10 s                  ; No                         ; Yes                        ; 2.62 V                      ; 2.7e-08 V                   ; 2.71 V             ; -0.0354 V          ; 0.148 V                             ; 0.064 V                             ; 4.51e-10 s                 ; 4.14e-10 s                 ; No                        ; Yes                       ;
; Z[1]          ; 2.5 V        ; 0 s                 ; 0 s                 ; 2.62 V                       ; 2.7e-08 V                    ; 2.71 V              ; -0.0354 V           ; 0.148 V                              ; 0.064 V                              ; 4.51e-10 s                  ; 4.14e-10 s                  ; No                         ; Yes                        ; 2.62 V                      ; 2.7e-08 V                   ; 2.71 V             ; -0.0354 V          ; 0.148 V                             ; 0.064 V                             ; 4.51e-10 s                 ; 4.14e-10 s                 ; No                        ; Yes                       ;
; Z[0]          ; 2.5 V        ; 0 s                 ; 0 s                 ; 2.62 V                       ; 2.7e-08 V                    ; 2.71 V              ; -0.0354 V           ; 0.148 V                              ; 0.064 V                              ; 4.51e-10 s                  ; 4.14e-10 s                  ; No                         ; Yes                        ; 2.62 V                      ; 2.7e-08 V                   ; 2.71 V             ; -0.0354 V          ; 0.148 V                             ; 0.064 V                             ; 4.51e-10 s                 ; 4.14e-10 s                 ; No                        ; Yes                       ;
; ~ALTERA_DCLK~ ; 2.5 V        ; 0 s                 ; 0 s                 ; 2.62 V                       ; 2.2e-08 V                    ; 2.74 V              ; -0.061 V            ; 0.159 V                              ; 0.078 V                              ; 2.7e-10 s                   ; 2.2e-10 s                   ; No                         ; Yes                        ; 2.62 V                      ; 2.2e-08 V                   ; 2.74 V             ; -0.061 V           ; 0.159 V                             ; 0.078 V                             ; 2.7e-10 s                  ; 2.2e-10 s                  ; No                        ; Yes                       ;
; ~ALTERA_nCEO~ ; 2.5 V        ; 0 s                 ; 0 s                 ; 2.62 V                       ; 3.52e-08 V                   ; 2.7 V               ; -0.0121 V           ; 0.274 V                              ; 0.034 V                              ; 3.18e-10 s                  ; 4.96e-10 s                  ; No                         ; Yes                        ; 2.62 V                      ; 3.52e-08 V                  ; 2.7 V              ; -0.0121 V          ; 0.274 V                             ; 0.034 V                             ; 3.18e-10 s                 ; 4.96e-10 s                 ; No                        ; Yes                       ;
+---------------+--------------+---------------------+---------------------+------------------------------+------------------------------+---------------------+---------------------+--------------------------------------+--------------------------------------+-----------------------------+-----------------------------+----------------------------+----------------------------+-----------------------------+-----------------------------+--------------------+--------------------+-------------------------------------+-------------------------------------+----------------------------+----------------------------+---------------------------+---------------------------+


+-------------------------------------------------------------------+
; Setup Transfers                                                   ;
+------------+----------+----------+----------+----------+----------+
; From Clock ; To Clock ; RR Paths ; FR Paths ; RF Paths ; FF Paths ;
+------------+----------+----------+----------+----------+----------+
; clk        ; clk      ; 24       ; 0        ; 0        ; 0        ;
+------------+----------+----------+----------+----------+----------+
Entries labeled "false path" only account for clock-to-clock false paths and not path-based false paths. As a result, actual path counts may be lower than reported.


+-------------------------------------------------------------------+
; Hold Transfers                                                    ;
+------------+----------+----------+----------+----------+----------+
; From Clock ; To Clock ; RR Paths ; FR Paths ; RF Paths ; FF Paths ;
+------------+----------+----------+----------+----------+----------+
; clk        ; clk      ; 24       ; 0        ; 0        ; 0        ;
+------------+----------+----------+----------+----------+----------+
Entries labeled "false path" only account for clock-to-clock false paths and not path-based false paths. As a result, actual path counts may be lower than reported.


---------------
; Report TCCS ;
---------------
No dedicated SERDES Transmitter circuitry present in device or used in design


---------------
; Report RSKM ;
---------------
No non-DPA dedicated SERDES Receiver circuitry present in device or used in design


+------------------------------------------------+
; Unconstrained Paths                            ;
+---------------------------------+-------+------+
; Property                        ; Setup ; Hold ;
+---------------------------------+-------+------+
; Illegal Clocks                  ; 0     ; 0    ;
; Unconstrained Clocks            ; 0     ; 0    ;
; Unconstrained Input Ports       ; 0     ; 0    ;
; Unconstrained Input Port Paths  ; 0     ; 0    ;
; Unconstrained Output Ports      ; 0     ; 0    ;
; Unconstrained Output Port Paths ; 0     ; 0    ;
+---------------------------------+-------+------+


+------------------------------------+
; TimeQuest Timing Analyzer Messages ;
+------------------------------------+
Info: *******************************************************************
Info: Running Quartus II 64-Bit TimeQuest Timing Analyzer
    Info: Version 13.1.0 Build 162 10/23/2013 SJ Web Edition
    Info: Processing started: Fri Apr 11 06:22:58 2025
Info: Command: quartus_sta mux2_8 -c mux2_8
Info: qsta_default_script.tcl version: #1
Warning (20028): Parallel compilation is not licensed and has been disabled
Info (21076): High junction temperature operating condition is not set. Assuming a default value of '85'.
Info (21076): Low junction temperature operating condition is not set. Assuming a default value of '0'.
Info (332104): Reading SDC File: 'sdc.sdc'
Info: Found TIMEQUEST_REPORT_SCRIPT_INCLUDE_DEFAULT_ANALYSIS = ON
Info: Analyzing Slow 1200mV 85C Model
Info (332146): Worst-case setup slack is 2.836
    Info (332119):     Slack       End Point TNS Clock 
    Info (332119): ========= =================== =====================
    Info (332119):     2.836               0.000 clk 
Info (332146): Worst-case hold slack is 4.668
    Info (332119):     Slack       End Point TNS Clock 
    Info (332119): ========= =================== =====================
    Info (332119):     4.668               0.000 clk 
Info (332140): No Recovery paths to report
Info (332140): No Removal paths to report
Info (332140): No Minimum Pulse Width paths to report
Info: Analyzing Slow 1200mV 0C Model
Info (334003): Started post-fitting delay annotation
Info (334004): Delay annotation completed successfully
Info (332146): Worst-case setup slack is 3.127
    Info (332119):     Slack       End Point TNS Clock 
    Info (332119): ========= =================== =====================
    Info (332119):     3.127               0.000 clk 
Info (332146): Worst-case hold slack is 4.507
    Info (332119):     Slack       End Point TNS Clock 
    Info (332119): ========= =================== =====================
    Info (332119):     4.507               0.000 clk 
Info (332140): No Recovery paths to report
Info (332140): No Removal paths to report
Info (332140): No Minimum Pulse Width paths to report
Info: Analyzing Fast 1200mV 0C Model
Info (332146): Worst-case setup slack is 5.007
    Info (332119):     Slack       End Point TNS Clock 
    Info (332119): ========= =================== =====================
    Info (332119):     5.007               0.000 clk 
Info (332146): Worst-case hold slack is 2.768
    Info (332119):     Slack       End Point TNS Clock 
    Info (332119): ========= =================== =====================
    Info (332119):     2.768               0.000 clk 
Info (332140): No Recovery paths to report
Info (332140): No Removal paths to report
Info (332140): No Minimum Pulse Width paths to report
Info (332101): Design is fully constrained for setup requirements
Info (332101): Design is fully constrained for hold requirements
Info: Quartus II 64-Bit TimeQuest Timing Analyzer was successful. 0 errors, 1 warning
    Info: Peak virtual memory: 599 megabytes
    Info: Processing ended: Fri Apr 11 06:22:59 2025
    Info: Elapsed time: 00:00:01
    Info: Total CPU time (on all processors): 00:00:01


